// Jest Snapshot v1, https://goo.gl/fbAQLP

exports[`<Radio /> should render the Radio component 1`] = `
.c0 {
  display: -webkit-box;
  display: -webkit-flex;
  display: -ms-flexbox;
  display: flex;
  -webkit-align-items: center;
  -webkit-box-align: center;
  -ms-flex-align: center;
  align-items: center;
}

.c0 + div {
  margin-top: 0.8rem;
}

.c2 {
  font-size: 1.6rem;
  color: #3E606F;
  margin: 0;
  padding: 0;
  line-height: 1;
}

.c1 {
  display: -webkit-box;
  display: -webkit-flex;
  display: -ms-flexbox;
  display: flex;
  -webkit-align-items: center;
  -webkit-box-align: center;
  -ms-flex-align: center;
  align-items: center;
  -webkit-box-pack: center;
  -webkit-justify-content: center;
  -ms-flex-pack: center;
  justify-content: center;
  -webkit-appearance: none;
  -moz-appearance: none;
  appearance: none;
  border: 0.2rem solid #5855E9;
  width: 1.8rem;
  height: 1.8rem;
  cursor: pointer;
  background: transparent;
  border-radius: 50%;
  color: #0D0D0D;
  margin-right: 0.8rem;
  outline: none;
  -webkit-transition: background 0.1s ease-in-out;
  transition: background 0.1s ease-in-out;
}

.c1:focus {
  outline: 3px solid #b1aff5;
}

.c1:before {
  content: '';
  width: 0.8rem;
  height: 0.8rem;
  border-radius: 50%;
  background: #5855E9;
  -webkit-transition: opacity 0.1s ease-in-out;
  transition: opacity 0.1s ease-in-out;
  opacity: 0;
  position: absolute;
}

.c1:checked:before {
  opacity: 1;
}

<div
  class="c0"
>
  <input
    class="c1"
    id="Radio"
    type="radio"
    value="any"
  />
  <label
    class="c2"
    for="Radio"
  >
    Radio
  </label>
</div>
`;
